=== Test 1: Hello ===
�ello� ule uete
s ester: �ellocade const 3lar mestling to save, Mrecheld infriem shopper. �hat dysoor to 

=== Test 2: How are you ===
�ow are your ceeels odam ans yoar a gut, to intercan 0 rypeswer 0�� can bedch in Is that�
assistant: My of pret

=== Test 3: What is AI ===
�hat is AIls ,ama dlairn hit hringemari�en My corativilily. The including kfores ile of trasy rois keencisiem 